-----------------------------
2026-04-02 20:41:20 - Nouveau jour de surveillance
2026-04-02 20:41:26 - Nouvelles fenêtres ajoutées :
0x0280001c  0 aidan-Lenovo-N50-70 The Strange Math That Predicts (Almost) Anything - YouTube - Google Chrome
-----------------------------
2026-04-02 20:41:26 - Fenêtres fermées :
0x0280001c  0 aidan-Lenovo-N50-70 Envoi READme séparé - Google Chrome
-----------------------------
2026-04-02 20:41:30 - Nouvelles fenêtres ajoutées :
0x0280001c  0 aidan-Lenovo-N50-70 Boîte de réception (37) - ralaikotonadia@gmail.com - Gmail - Google Chrome
-----------------------------
2026-04-02 20:41:30 - Fenêtres fermées :
0x0280001c  0 aidan-Lenovo-N50-70 The Strange Math That Predicts (Almost) Anything - YouTube - Google Chrome
-----------------------------
2026-04-02 20:41:36 - Nouvelles fenêtres ajoutées :
0x03600004  0 aidan-Lenovo-N50-70 models.py - taskMonitor - Visual Studio Code
-----------------------------
2026-04-02 20:41:36 - Fenêtres fermées :
0x03600004  0 aidan-Lenovo-N50-70 password.txt - taskMonitor - Visual Studio Code
-----------------------------
2026-04-02 20:41:40 - Nouvelles fenêtres ajoutées :
0x03600004  0 aidan-Lenovo-N50-70 config.py - taskMonitor - Visual Studio Code
-----------------------------
2026-04-02 20:41:40 - Fenêtres fermées :
0x03600004  0 aidan-Lenovo-N50-70 models.py - taskMonitor - Visual Studio Code
-----------------------------
2026-04-02 20:41:42 - Nouvelles fenêtres ajoutées :
0x03600004  0 aidan-Lenovo-N50-70 __init__.py - taskMonitor - Visual Studio Code
-----------------------------
2026-04-02 20:41:42 - Fenêtres fermées :
0x03600004  0 aidan-Lenovo-N50-70 config.py - taskMonitor - Visual Studio Code
-----------------------------
2026-04-02 20:41:48 - Fenêtres fermées :
0x03600004  0 aidan-Lenovo-N50-70 __init__.py - taskMonitor - Visual Studio Code
-----------------------------
2026-04-02 20:41:54 - Nouvelles fenêtres ajoutées :
0x0360002a  0 aidan-Lenovo-N50-70 Visual Studio Code
-----------------------------
2026-04-02 20:41:56 - Nouvelles fenêtres ajoutées :
0x0360002a  0 aidan-Lenovo-N50-70 __init__.py - taskMonitor - Visual Studio Code
-----------------------------
2026-04-02 20:41:56 - Fenêtres fermées :
0x0360002a  0 aidan-Lenovo-N50-70 Visual Studio Code
-----------------------------
2026-04-02 20:42:11 - Nouvelles fenêtres ajoutées :
0x0280001c  0 aidan-Lenovo-N50-70 Untitled - Google Chrome
-----------------------------
2026-04-02 20:42:11 - Fenêtres fermées :
0x0280001c  0 aidan-Lenovo-N50-70 Boîte de réception (37) - ralaikotonadia@gmail.com - Gmail - Google Chrome
-----------------------------
2026-04-02 20:42:13 - Nouvelles fenêtres ajoutées :
0x0280001c  0 aidan-Lenovo-N50-70 Redirecting to Google - Google Chrome
-----------------------------
2026-04-02 20:42:13 - Fenêtres fermées :
0x0280001c  0 aidan-Lenovo-N50-70 Untitled - Google Chrome
-----------------------------
2026-04-02 20:42:15 - Nouvelles fenêtres ajoutées :
0x0280001c  0 aidan-Lenovo-N50-70 Connexion : comptes Google - Google Chrome
-----------------------------
2026-04-02 20:42:15 - Fenêtres fermées :
0x0280001c  0 aidan-Lenovo-N50-70 Redirecting to Google - Google Chrome
-----------------------------
2026-04-02 20:42:31 - Nouvelles fenêtres ajoutées :
0x0280001c  0 aidan-Lenovo-N50-70 GitHub · Where software is built - Google Chrome
-----------------------------
2026-04-02 20:42:31 - Fenêtres fermées :
0x0280001c  0 aidan-Lenovo-N50-70 Connexion : comptes Google - Google Chrome
-----------------------------
2026-04-02 20:42:35 - Nouvelles fenêtres ajoutées :
0x0280001c  0 aidan-Lenovo-N50-70 Boîte de réception (38) - ralaikotonadia@gmail.com - Gmail - Google Chrome
-----------------------------
2026-04-02 20:42:35 - Fenêtres fermées :
0x0280001c  0 aidan-Lenovo-N50-70 GitHub · Where software is built - Google Chrome
-----------------------------
2026-04-02 20:42:39 - Nouvelles fenêtres ajoutées :
0x0280001c  0 aidan-Lenovo-N50-70 [GitHub] Please verify your device - ralaikotonadia@gmail.com - Gmail - Google Chrome
-----------------------------
2026-04-02 20:42:39 - Fenêtres fermées :
0x0280001c  0 aidan-Lenovo-N50-70 Boîte de réception (38) - ralaikotonadia@gmail.com - Gmail - Google Chrome
-----------------------------
2026-04-02 20:42:45 - Nouvelles fenêtres ajoutées :
0x0280001c  0 aidan-Lenovo-N50-70 GitHub · Where software is built - Google Chrome
-----------------------------
2026-04-02 20:42:45 - Fenêtres fermées :
0x0280001c  0 aidan-Lenovo-N50-70 [GitHub] Please verify your device - ralaikotonadia@gmail.com - Gmail - Google Chrome
-----------------------------
2026-04-02 20:42:47 - Nouvelles fenêtres ajoutées :
0x0280001c  0 aidan-Lenovo-N50-70 Verify Session - Google Chrome
-----------------------------
2026-04-02 20:42:47 - Fenêtres fermées :
0x0280001c  0 aidan-Lenovo-N50-70 GitHub · Where software is built - Google Chrome
-----------------------------
2026-04-02 20:42:51 - Nouvelles fenêtres ajoutées :
0x0280001c  0 aidan-Lenovo-N50-70 OAuth application authorized - Google Chrome
-----------------------------
2026-04-02 20:42:51 - Fenêtres fermées :
0x0280001c  0 aidan-Lenovo-N50-70 Verify Session - Google Chrome
-----------------------------
2026-04-02 20:42:53 - Nouvelles fenêtres ajoutées :
0x0280001c  0 aidan-Lenovo-N50-70 GitHub Authentication - Sign In - Google Chrome
-----------------------------
2026-04-02 20:42:53 - Fenêtres fermées :
0x0280001c  0 aidan-Lenovo-N50-70 OAuth application authorized - Google Chrome
-----------------------------
2026-04-02 20:43:30 - Fenêtres fermées :
0x0360002a  0 aidan-Lenovo-N50-70 __init__.py - taskMonitor - Visual Studio Code
-----------------------------
2026-04-02 20:43:36 - Nouvelles fenêtres ajoutées :
0x03600030  0 aidan-Lenovo-N50-70 __init__.py - taskMonitor - Visual Studio Code
-----------------------------
2026-04-02 20:43:54 - Nouvelles fenêtres ajoutées :
0x03600030  0 aidan-Lenovo-N50-70 pyproject.toml - taskMonitor - Visual Studio Code
-----------------------------
2026-04-02 20:43:54 - Fenêtres fermées :
0x03600030  0 aidan-Lenovo-N50-70 __init__.py - taskMonitor - Visual Studio Code
-----------------------------
2026-04-02 20:44:11 - Nouvelles fenêtres ajoutées :
0x03600030  0 aidan-Lenovo-N50-70 window_changes.log - taskMonitor - Visual Studio Code
-----------------------------
2026-04-02 20:44:11 - Fenêtres fermées :
0x03600030  0 aidan-Lenovo-N50-70 pyproject.toml - taskMonitor - Visual Studio Code
-----------------------------
2026-04-02 20:44:43 - Nouvelles fenêtres ajoutées :
0x0280001c  0 aidan-Lenovo-N50-70 taskmonitor_arborescence.html - Google Chrome
-----------------------------
2026-04-02 20:44:43 - Fenêtres fermées :
0x0280001c  0 aidan-Lenovo-N50-70 GitHub Authentication - Sign In - Google Chrome
-----------------------------
2026-04-02 20:44:45 - Nouvelles fenêtres ajoutées :
0x0280001c  0 aidan-Lenovo-N50-70 Envoi READme séparé - Google Chrome
-----------------------------
2026-04-02 20:44:45 - Fenêtres fermées :
0x0280001c  0 aidan-Lenovo-N50-70 taskmonitor_arborescence.html - Google Chrome
-----------------------------
2026-04-02 20:46:10 - Nouvelles fenêtres ajoutées :
0x03600030  0 aidan-Lenovo-N50-70 extract_window_host_events.sh - taskMonitor - Visual Studio Code
-----------------------------
2026-04-02 20:46:10 - Fenêtres fermées :
0x03600030  0 aidan-Lenovo-N50-70 window_changes.log - taskMonitor - Visual Studio Code
-----------------------------
2026-04-02 20:50:59 - Nouvelles fenêtres ajoutées :
0x00a00004  0 aidan-Lenovo-N50-70 taskMonitor
-----------------------------
2026-04-02 20:50:59 - Fenêtres fermées :
0x00a00004  0 aidan-Lenovo-N50-70 Home
-----------------------------
2026-04-02 20:51:03 - Nouvelles fenêtres ajoutées :
0x00a00004  0 aidan-Lenovo-N50-70 core
-----------------------------
2026-04-02 20:51:03 - Fenêtres fermées :
0x00a00004  0 aidan-Lenovo-N50-70 taskMonitor
-----------------------------
2026-04-02 20:51:05 - Nouvelles fenêtres ajoutées :
0x00a00004  0 aidan-Lenovo-N50-70 taskMonitor
-----------------------------
2026-04-02 20:51:05 - Fenêtres fermées :
0x00a00004  0 aidan-Lenovo-N50-70 core
-----------------------------
2026-04-02 20:51:09 - Nouvelles fenêtres ajoutées :
0x00a00004  0 aidan-Lenovo-N50-70 taskmonitor
-----------------------------
2026-04-02 20:51:09 - Fenêtres fermées :
0x00a00004  0 aidan-Lenovo-N50-70 taskMonitor
-----------------------------
2026-04-02 20:51:11 - Nouvelles fenêtres ajoutées :
0x00a00004  0 aidan-Lenovo-N50-70 taskMonitor
-----------------------------
2026-04-02 20:51:11 - Fenêtres fermées :
0x00a00004  0 aidan-Lenovo-N50-70 taskmonitor
-----------------------------
2026-04-02 20:51:17 - Nouvelles fenêtres ajoutées :
0x00a00004  0 aidan-Lenovo-N50-70 taskmonitor
-----------------------------
2026-04-02 20:51:17 - Fenêtres fermées :
0x00a00004  0 aidan-Lenovo-N50-70 taskMonitor
-----------------------------
2026-04-02 20:51:19 - Nouvelles fenêtres ajoutées :
0x00a00004  0 aidan-Lenovo-N50-70 taskMonitor
-----------------------------
2026-04-02 20:51:19 - Fenêtres fermées :
0x00a00004  0 aidan-Lenovo-N50-70 taskmonitor
-----------------------------
2026-04-02 20:51:35 - Nouvelles fenêtres ajoutées :
0x03600030  0 aidan-Lenovo-N50-70 config.py - taskMonitor - Visual Studio Code
-----------------------------
2026-04-02 20:51:35 - Fenêtres fermées :
0x03600030  0 aidan-Lenovo-N50-70 extract_window_host_events.sh - taskMonitor - Visual Studio Code
-----------------------------
2026-04-02 20:51:52 - Nouvelles fenêtres ajoutées :
0x03600030  0 aidan-Lenovo-N50-70 models.py - taskMonitor - Visual Studio Code
-----------------------------
2026-04-02 20:51:52 - Fenêtres fermées :
0x03600030  0 aidan-Lenovo-N50-70 config.py - taskMonitor - Visual Studio Code
-----------------------------
2026-04-02 20:52:10 - Nouvelles fenêtres ajoutées :
0x03600030  0 aidan-Lenovo-N50-70 storage.py - taskMonitor - Visual Studio Code
-----------------------------
2026-04-02 20:52:10 - Fenêtres fermées :
0x03600030  0 aidan-Lenovo-N50-70 models.py - taskMonitor - Visual Studio Code
-----------------------------
2026-04-02 20:52:12 - Nouvelles fenêtres ajoutées :
0x03600030  0 aidan-Lenovo-N50-70 logger.py - taskMonitor - Visual Studio Code
-----------------------------
2026-04-02 20:52:12 - Fenêtres fermées :
0x03600030  0 aidan-Lenovo-N50-70 storage.py - taskMonitor - Visual Studio Code
-----------------------------
2026-04-02 20:52:14 - Nouvelles fenêtres ajoutées :
0x03600030  0 aidan-Lenovo-N50-70 ● logger.py - taskMonitor - Visual Studio Code
-----------------------------
2026-04-02 20:52:14 - Fenêtres fermées :
0x03600030  0 aidan-Lenovo-N50-70 logger.py - taskMonitor - Visual Studio Code
-----------------------------
2026-04-02 20:52:16 - Nouvelles fenêtres ajoutées :
0x03600030  0 aidan-Lenovo-N50-70 logger.py - taskMonitor - Visual Studio Code
-----------------------------
2026-04-02 20:52:16 - Fenêtres fermées :
0x03600030  0 aidan-Lenovo-N50-70 ● logger.py - taskMonitor - Visual Studio Code
-----------------------------
2026-04-02 20:57:50 - Nouvelles fenêtres ajoutées :
0x03600030  0 aidan-Lenovo-N50-70 window_monitor.sh - taskMonitor - Visual Studio Code
-----------------------------
2026-04-02 20:57:50 - Fenêtres fermées :
0x03600030  0 aidan-Lenovo-N50-70 logger.py - taskMonitor - Visual Studio Code
-----------------------------
2026-04-02 20:59:00 - Nouvelles fenêtres ajoutées :
0x03600030  0 aidan-Lenovo-N50-70 log_extractor.sh - taskMonitor - Visual Studio Code
-----------------------------
2026-04-02 20:59:00 - Fenêtres fermées :
0x03600030  0 aidan-Lenovo-N50-70 window_monitor.sh - taskMonitor - Visual Studio Code
-----------------------------
2026-04-02 20:59:15 - Nouvelles fenêtres ajoutées :
0x03600030  0 aidan-Lenovo-N50-70 extract_window_host_events.sh - taskMonitor - Visual Studio Code
-----------------------------
2026-04-02 20:59:15 - Fenêtres fermées :
0x03600030  0 aidan-Lenovo-N50-70 log_extractor.sh - taskMonitor - Visual Studio Code
-----------------------------
2026-04-02 20:59:21 - Nouvelles fenêtres ajoutées :
0x03600030  0 aidan-Lenovo-N50-70 log_extractor.sh - taskMonitor - Visual Studio Code
-----------------------------
2026-04-02 20:59:21 - Fenêtres fermées :
0x03600030  0 aidan-Lenovo-N50-70 extract_window_host_events.sh - taskMonitor - Visual Studio Code
-----------------------------
2026-04-02 21:01:32 - Nouvelles fenêtres ajoutées :
0x03600030  0 aidan-Lenovo-N50-70 config.py - taskMonitor - Visual Studio Code
-----------------------------
2026-04-02 21:01:32 - Fenêtres fermées :
0x03600030  0 aidan-Lenovo-N50-70 log_extractor.sh - taskMonitor - Visual Studio Code
-----------------------------
2026-04-02 21:01:54 - Nouvelles fenêtres ajoutées :
0x03600030  0 aidan-Lenovo-N50-70 models.py - taskMonitor - Visual Studio Code
-----------------------------
2026-04-02 21:01:54 - Fenêtres fermées :
0x03600030  0 aidan-Lenovo-N50-70 config.py - taskMonitor - Visual Studio Code
-----------------------------
2026-04-02 21:02:13 - Nouvelles fenêtres ajoutées :
0x03600030  0 aidan-Lenovo-N50-70 config.py - taskMonitor - Visual Studio Code
-----------------------------
2026-04-02 21:02:13 - Fenêtres fermées :
0x03600030  0 aidan-Lenovo-N50-70 models.py - taskMonitor - Visual Studio Code
-----------------------------
2026-04-02 21:02:15 - Nouvelles fenêtres ajoutées :
0x03600030  0 aidan-Lenovo-N50-70 storage.py - taskMonitor - Visual Studio Code
-----------------------------
2026-04-02 21:02:15 - Fenêtres fermées :
0x03600030  0 aidan-Lenovo-N50-70 config.py - taskMonitor - Visual Studio Code
-----------------------------
2026-04-02 21:02:17 - Nouvelles fenêtres ajoutées :
0x03600030  0 aidan-Lenovo-N50-70 logger.py - taskMonitor - Visual Studio Code
-----------------------------
2026-04-02 21:02:17 - Fenêtres fermées :
0x03600030  0 aidan-Lenovo-N50-70 storage.py - taskMonitor - Visual Studio Code
-----------------------------
2026-04-02 21:02:41 - Nouvelles fenêtres ajoutées :
0x03600030  0 aidan-Lenovo-N50-70 log_extractor.sh - taskMonitor - Visual Studio Code
-----------------------------
2026-04-02 21:02:41 - Fenêtres fermées :
0x03600030  0 aidan-Lenovo-N50-70 logger.py - taskMonitor - Visual Studio Code
-----------------------------
2026-04-02 21:03:58 - Nouvelles fenêtres ajoutées :
0x03600030  0 aidan-Lenovo-N50-70 ● log_extractor.py - taskMonitor - Visual Studio Code
-----------------------------
2026-04-02 21:03:58 - Fenêtres fermées :
0x03600030  0 aidan-Lenovo-N50-70 log_extractor.sh - taskMonitor - Visual Studio Code
-----------------------------
2026-04-02 21:04:00 - Nouvelles fenêtres ajoutées :
0x03600030  0 aidan-Lenovo-N50-70 log_extractor.py - taskMonitor - Visual Studio Code
-----------------------------
2026-04-02 21:04:00 - Fenêtres fermées :
0x03600030  0 aidan-Lenovo-N50-70 ● log_extractor.py - taskMonitor - Visual Studio Code
-----------------------------
2026-04-02 21:04:10 - Nouvelles fenêtres ajoutées :
0x0280001c  0 aidan-Lenovo-N50-70 google translate - Recherche Google - Google Chrome
-----------------------------
2026-04-02 21:04:10 - Fenêtres fermées :
0x0280001c  0 aidan-Lenovo-N50-70 Envoi READme séparé - Google Chrome
-----------------------------
2026-04-02 21:04:22 - Nouvelles fenêtres ajoutées :
0x03600030  0 aidan-Lenovo-N50-70 ● log_extractor.py - taskMonitor - Visual Studio Code
-----------------------------
2026-04-02 21:04:22 - Fenêtres fermées :
0x03600030  0 aidan-Lenovo-N50-70 log_extractor.py - taskMonitor - Visual Studio Code
-----------------------------
2026-04-02 21:04:28 - Nouvelles fenêtres ajoutées :
0x03600030  0 aidan-Lenovo-N50-70 log_extractor.py - taskMonitor - Visual Studio Code
-----------------------------
2026-04-02 21:04:28 - Fenêtres fermées :
0x03600030  0 aidan-Lenovo-N50-70 ● log_extractor.py - taskMonitor - Visual Studio Code
-----------------------------
2026-04-02 21:04:33 - Nouvelles fenêtres ajoutées :
0x0280001c  0 aidan-Lenovo-N50-70 Envoi READme séparé - Google Chrome
-----------------------------
2026-04-02 21:04:33 - Fenêtres fermées :
0x0280001c  0 aidan-Lenovo-N50-70 google translate - Recherche Google - Google Chrome
-----------------------------
2026-04-02 21:05:17 - Nouvelles fenêtres ajoutées :
0x03600030  0 aidan-Lenovo-N50-70 ● log_extractor.py - taskMonitor - Visual Studio Code
-----------------------------
2026-04-02 21:05:17 - Fenêtres fermées :
0x03600030  0 aidan-Lenovo-N50-70 log_extractor.py - taskMonitor - Visual Studio Code
-----------------------------
2026-04-02 21:05:25 - Nouvelles fenêtres ajoutées :
0x03600030  0 aidan-Lenovo-N50-70 log_extractor.py - taskMonitor - Visual Studio Code
-----------------------------
2026-04-02 21:05:25 - Fenêtres fermées :
0x03600030  0 aidan-Lenovo-N50-70 ● log_extractor.py - taskMonitor - Visual Studio Code
-----------------------------
2026-04-02 21:05:41 - Nouvelles fenêtres ajoutées :
0x03600030  0 aidan-Lenovo-N50-70 log_extractor.sh - taskMonitor - Visual Studio Code
-----------------------------
2026-04-02 21:05:41 - Fenêtres fermées :
0x03600030  0 aidan-Lenovo-N50-70 log_extractor.py - taskMonitor - Visual Studio Code
-----------------------------
2026-04-02 21:06:24 - Nouvelles fenêtres ajoutées :
0x03600030  0 aidan-Lenovo-N50-70 Closed_file.txt - taskMonitor - Visual Studio Code
-----------------------------
2026-04-02 21:06:24 - Fenêtres fermées :
0x03600030  0 aidan-Lenovo-N50-70 log_extractor.sh - taskMonitor - Visual Studio Code
-----------------------------
2026-04-02 21:06:32 - Nouvelles fenêtres ajoutées :
0x03600030  0 aidan-Lenovo-N50-70 Opened_file.txt - taskMonitor - Visual Studio Code
-----------------------------
2026-04-02 21:06:32 - Fenêtres fermées :
0x03600030  0 aidan-Lenovo-N50-70 Closed_file.txt - taskMonitor - Visual Studio Code
-----------------------------
